{
  "control_plane": "adaptive_scheduler",
  "executor": "adaptive_batch_scheduler",
  "auto_execution_mode": null,
  "shared_nodes": 2,
  "backend_paths": {
    "F4": {
      "backend": null,
      "primary_route": "pandas",
      "used_polars_long_path": false,
      "used_polars_long_native": false,
      "used_polars_long_python_rolling": false,
      "used_polars_long_map_groups": false,
      "used_polars_long_registry": false,
      "used_polars_long_passthrough": false,
      "used_sql_pushdown": false,
      "fully_sql": false,
      "sql_subtree_count": 0,
      "param_domain_membership_skipped": "add",
      "parameter_certification_degradation_reason": "no certified region for backend 'pandas_numpy' (research degradation)",
      "parameter_certification_degradation_count": 1,
      "backend_path_summary": {
        "backend": null,
        "primary_route": "pandas",
        "sql_plan_fully_compilable": false,
        "fully_sql": false,
        "sql_full_execution_failed": false,
        "used_sql_pushdown": false,
        "sql_subtree_count": 0,
        "sql_subtrees": [],
        "sql_fully_pushed": false,
        "sql_partial_pushed": false,
        "sql_long_lazy_subtrees": [],
        "sql_series_subtrees": [],
        "sql_fallback_subtree_count": 0,
        "python_fallback_subtree_sids": [],
        "sql_dialect": null,
        "sql_query_count": 0,
        "used_polars_long_path": false,
        "used_polars_long_native": false,
        "used_polars_long_python_rolling": false,
        "used_polars_long_map_groups": false,
        "used_polars_long_registry": false,
        "polars_long_native_ops": [],
        "polars_long_python_rolling_ops": [],
        "polars_long_map_group_ops": [],
        "polars_long_registry_ops": [],
        "polars_long_passthrough_ops": [],
        "polars_long_other_ops": [],
        "pandas_fallback_ops": [],
        "shared_long_lazy_hits": 0,
        "production_fastpath_ok": null,
        "fastpath_route": "pandas",
        "final_collect": "pandas",
        "runtime_event_count": 0
      }
    },
    "F3": {
      "backend": null,
      "primary_route": "pandas",
      "used_polars_long_path": false,
      "used_polars_long_native": false,
      "used_polars_long_python_rolling": false,
      "used_polars_long_map_groups": false,
      "used_polars_long_registry": false,
      "used_polars_long_passthrough": false,
      "used_sql_pushdown": false,
      "fully_sql": false,
      "sql_subtree_count": 0,
      "param_domain_membership_skipped": "add",
      "parameter_certification_degradation_reason": "no certified region for backend 'pandas_numpy' (research degradation)",
      "parameter_certification_degradation_count": 1,
      "backend_path_summary": {
        "backend": null,
        "primary_route": "pandas",
        "sql_plan_fully_compilable": false,
        "fully_sql": false,
        "sql_full_execution_failed": false,
        "used_sql_pushdown": false,
        "sql_subtree_count": 0,
        "sql_subtrees": [],
        "sql_fully_pushed": false,
        "sql_partial_pushed": false,
        "sql_long_lazy_subtrees": [],
        "sql_series_subtrees": [],
        "sql_fallback_subtree_count": 0,
        "python_fallback_subtree_sids": [],
        "sql_dialect": null,
        "sql_query_count": 0,
        "used_polars_long_path": false,
        "used_polars_long_native": false,
        "used_polars_long_python_rolling": false,
        "used_polars_long_map_groups": false,
        "used_polars_long_registry": false,
        "polars_long_native_ops": [],
        "polars_long_python_rolling_ops": [],
        "polars_long_map_group_ops": [],
        "polars_long_registry_ops": [],
        "polars_long_passthrough_ops": [],
        "polars_long_other_ops": [],
        "pandas_fallback_ops": [],
        "shared_long_lazy_hits": 0,
        "production_fastpath_ok": null,
        "fastpath_route": "pandas",
        "final_collect": "pandas",
        "runtime_event_count": 0
      }
    },
    "F2": {
      "backend": null,
      "primary_route": "pandas",
      "used_polars_long_path": false,
      "used_polars_long_native": false,
      "used_polars_long_python_rolling": false,
      "used_polars_long_map_groups": false,
      "used_polars_long_registry": false,
      "used_polars_long_passthrough": false,
      "used_sql_pushdown": false,
      "fully_sql": false,
      "sql_subtree_count": 0,
      "param_domain_membership_skipped": "add",
      "parameter_certification_degradation_reason": "no certified region for backend 'pandas_numpy' (research degradation)",
      "parameter_certification_degradation_count": 1,
      "backend_path_summary": {
        "backend": null,
        "primary_route": "pandas",
        "sql_plan_fully_compilable": false,
        "fully_sql": false,
        "sql_full_execution_failed": false,
        "used_sql_pushdown": false,
        "sql_subtree_count": 0,
        "sql_subtrees": [],
        "sql_fully_pushed": false,
        "sql_partial_pushed": false,
        "sql_long_lazy_subtrees": [],
        "sql_series_subtrees": [],
        "sql_fallback_subtree_count": 0,
        "python_fallback_subtree_sids": [],
        "sql_dialect": null,
        "sql_query_count": 0,
        "used_polars_long_path": false,
        "used_polars_long_native": false,
        "used_polars_long_python_rolling": false,
        "used_polars_long_map_groups": false,
        "used_polars_long_registry": false,
        "polars_long_native_ops": [],
        "polars_long_python_rolling_ops": [],
        "polars_long_map_group_ops": [],
        "polars_long_registry_ops": [],
        "polars_long_passthrough_ops": [],
        "polars_long_other_ops": [],
        "pandas_fallback_ops": [],
        "shared_long_lazy_hits": 0,
        "production_fastpath_ok": null,
        "fastpath_route": "pandas",
        "final_collect": "pandas",
        "runtime_event_count": 0
      }
    },
    "F1": {
      "backend": null,
      "primary_route": "pandas",
      "used_polars_long_path": false,
      "used_polars_long_native": false,
      "used_polars_long_python_rolling": false,
      "used_polars_long_map_groups": false,
      "used_polars_long_registry": false,
      "used_polars_long_passthrough": false,
      "used_sql_pushdown": false,
      "fully_sql": false,
      "sql_subtree_count": 0,
      "param_domain_membership_skipped": "add",
      "parameter_certification_degradation_reason": "no certified region for backend 'pandas_numpy' (research degradation)",
      "parameter_certification_degradation_count": 1,
      "backend_path_summary": {
        "backend": null,
        "primary_route": "pandas",
        "sql_plan_fully_compilable": false,
        "fully_sql": false,
        "sql_full_execution_failed": false,
        "used_sql_pushdown": false,
        "sql_subtree_count": 0,
        "sql_subtrees": [],
        "sql_fully_pushed": false,
        "sql_partial_pushed": false,
        "sql_long_lazy_subtrees": [],
        "sql_series_subtrees": [],
        "sql_fallback_subtree_count": 0,
        "python_fallback_subtree_sids": [],
        "sql_dialect": null,
        "sql_query_count": 0,
        "used_polars_long_path": false,
        "used_polars_long_native": false,
        "used_polars_long_python_rolling": false,
        "used_polars_long_map_groups": false,
        "used_polars_long_registry": false,
        "polars_long_native_ops": [],
        "polars_long_python_rolling_ops": [],
        "polars_long_map_group_ops": [],
        "polars_long_registry_ops": [],
        "polars_long_passthrough_ops": [],
        "polars_long_other_ops": [],
        "pandas_fallback_ops": [],
        "shared_long_lazy_hits": 0,
        "production_fastpath_ok": null,
        "fastpath_route": "pandas",
        "final_collect": "pandas",
        "runtime_event_count": 0
      }
    },
    "F0": {
      "backend": null,
      "primary_route": "pandas",
      "used_polars_long_path": false,
      "used_polars_long_native": false,
      "used_polars_long_python_rolling": false,
      "used_polars_long_map_groups": false,
      "used_polars_long_registry": false,
      "used_polars_long_passthrough": false,
      "used_sql_pushdown": false,
      "fully_sql": false,
      "sql_subtree_count": 0,
      "param_domain_membership_skipped": "add",
      "parameter_certification_degradation_reason": "no certified region for backend 'pandas_numpy' (research degradation)",
      "parameter_certification_degradation_count": 1,
      "backend_path_summary": {
        "backend": null,
        "primary_route": "pandas",
        "sql_plan_fully_compilable": false,
        "fully_sql": false,
        "sql_full_execution_failed": false,
        "used_sql_pushdown": false,
        "sql_subtree_count": 0,
        "sql_subtrees": [],
        "sql_fully_pushed": false,
        "sql_partial_pushed": false,
        "sql_long_lazy_subtrees": [],
        "sql_series_subtrees": [],
        "sql_fallback_subtree_count": 0,
        "python_fallback_subtree_sids": [],
        "sql_dialect": null,
        "sql_query_count": 0,
        "used_polars_long_path": false,
        "used_polars_long_native": false,
        "used_polars_long_python_rolling": false,
        "used_polars_long_map_groups": false,
        "used_polars_long_registry": false,
        "polars_long_native_ops": [],
        "polars_long_python_rolling_ops": [],
        "polars_long_map_group_ops": [],
        "polars_long_registry_ops": [],
        "polars_long_passthrough_ops": [],
        "polars_long_other_ops": [],
        "pandas_fallback_ops": [],
        "shared_long_lazy_hits": 0,
        "production_fastpath_ok": null,
        "fastpath_route": "pandas",
        "final_collect": "pandas",
        "runtime_event_count": 0
      }
    }
  },
  "backend_path_summary": {
    "factor_count": 5,
    "primary_route_counts": {
      "pandas": 5
    },
    "all_native": false,
    "any_fallback": false,
    "any_sql_pushdown": false,
    "production_fastpath_ok_count": 0,
    "shared_long_lazy_hits_total": 0
  },
  "result_names": [
    "F0",
    "F1",
    "F2",
    "F3",
    "F4"
  ]
}
