cache=23
dsl_nocs=13
dsl_cs=24
2026-08-10T01:09:22+08:00 SAFE_Q start max_n=2 avail=28.8G
2026-08-10T01:09:22+08:00 RUN cache alpha_faa78249 avail=28.8
2026-08-10T01:09:55+08:00 END alpha_faa78249 rc=3 avail=28.8G
2026-08-10T01:10:00+08:00 RUN cache ext_f9b2117b avail=28.8
2026-08-10T01:10:38+08:00 END ext_f9b2117b rc=0 avail=28.7G
2026-08-10T01:10:43+08:00 SAFE_Q done n=2 avail=28.7G
cache=22
dsl_nocs=13
dsl_cs=24
2026-08-10T01:11:01+08:00 SAFE_Q start max_n=5 avail=28.7G
2026-08-10T01:11:01+08:00 RUN cache alpha_faa78249 avail=28.7
2026-08-10T01:11:33+08:00 END alpha_faa78249 rc=3 avail=28.8G
2026-08-10T01:11:38+08:00 RUN cache alpha_95c605f3 avail=28.8
2026-08-10T01:12:16+08:00 END alpha_95c605f3 rc=0 avail=28.8G
2026-08-10T01:12:21+08:00 RUN cache ext_92643d16 avail=28.8
2026-08-10T01:12:58+08:00 END ext_92643d16 rc=0 avail=28.8G
2026-08-10T01:13:03+08:00 RUN cache ext_c26a3d0b avail=28.8
2026-08-10T01:13:36+08:00 END ext_c26a3d0b rc=3 avail=28.8G
2026-08-10T01:13:41+08:00 RUN cache alpha_8208451c avail=28.8
2026-08-10T01:14:18+08:00 END alpha_8208451c rc=0 avail=28.8G
2026-08-10T01:14:23+08:00 SAFE_Q done n=5 avail=28.8G
cache=17
dsl_nocs=14
dsl_cs=25
2026-08-10T01:14:47+08:00 SAFE_Q start max_n=8 avail=28.8G
2026-08-10T01:14:47+08:00 RUN cache alpha_a7140261 avail=28.8
2026-08-10T01:15:24+08:00 END alpha_a7140261 rc=0 avail=28.7G
2026-08-10T01:15:29+08:00 RUN cache ext_87e60a49 avail=28.7
2026-08-10T01:16:07+08:00 END ext_87e60a49 rc=0 avail=28.7G
2026-08-10T01:16:12+08:00 RUN cache alpha_8669d7ab avail=28.7
2026-08-10T01:16:50+08:00 END alpha_8669d7ab rc=0 avail=28.7G
2026-08-10T01:16:55+08:00 RUN cache ext_8164b3d1 avail=28.7
2026-08-10T01:17:33+08:00 END ext_8164b3d1 rc=0 avail=28.7G
2026-08-10T01:17:38+08:00 RUN cache alpha_d4af1618 avail=28.7
2026-08-10T01:18:15+08:00 END alpha_d4af1618 rc=0 avail=28.7G
2026-08-10T01:18:20+08:00 RUN cache alpha_63ac960e avail=28.7
2026-08-10T01:18:52+08:00 END alpha_63ac960e rc=3 avail=28.8G
2026-08-10T01:18:57+08:00 RUN cache alpha_72b9ca02 avail=28.8
2026-08-10T01:19:36+08:00 END alpha_72b9ca02 rc=0 avail=28.8G
2026-08-10T01:19:41+08:00 RUN cache alpha_62dee548 avail=28.8
2026-08-10T01:20:18+08:00 END alpha_62dee548 rc=0 avail=28.7G
2026-08-10T01:20:23+08:00 SAFE_Q done n=8 avail=28.7G
cache=9
dsl_nocs=15
dsl_cs=25
2026-08-10T01:20:47+08:00 SAFE_Q start max_n=15 avail=28.7G
2026-08-10T01:20:47+08:00 RUN cache ext_970118c9 avail=28.7
2026-08-10T01:21:25+08:00 END ext_970118c9 rc=0 avail=28.7G
2026-08-10T01:21:30+08:00 RUN cache ext_5af301be avail=28.7
2026-08-10T01:22:08+08:00 END ext_5af301be rc=0 avail=28.7G
2026-08-10T01:22:13+08:00 RUN cache alpha_8f53457f avail=28.7
2026-08-10T01:22:45+08:00 END alpha_8f53457f rc=3 avail=28.7G
2026-08-10T01:22:50+08:00 RUN cache ext_0430ef8f avail=28.7
2026-08-10T01:23:28+08:00 END ext_0430ef8f rc=0 avail=28.7G
2026-08-10T01:23:33+08:00 RUN cache alpha_44165a73 avail=28.7
2026-08-10T01:24:10+08:00 END alpha_44165a73 rc=0 avail=28.8G
2026-08-10T01:24:15+08:00 RUN cache alpha_43c76a50 avail=28.8
2026-08-10T01:24:54+08:00 END alpha_43c76a50 rc=0 avail=28.7G
2026-08-10T01:24:59+08:00 RUN cache ext_ef61652c avail=28.7
2026-08-10T01:25:37+08:00 END ext_ef61652c rc=0 avail=28.7G
2026-08-10T01:25:42+08:00 RUN cache ext_7d2c72f2 avail=28.7
2026-08-10T01:26:20+08:00 END ext_7d2c72f2 rc=0 avail=28.7G
2026-08-10T01:26:25+08:00 RUN cache ext_f5d88d1a avail=28.7
2026-08-10T01:27:02+08:00 END ext_f5d88d1a rc=0 avail=28.7G
2026-08-10T01:27:07+08:00 SAFE_Q done n=9 avail=28.7G
cache=0
dsl_nocs=15
dsl_cs=25
2026-08-10T01:38:17+08:00 SAFE_Q start max_n=3 avail=28.7G
2026-08-10T01:38:17+08:00 RUN dsl ext_f3f2822a avail=28.7
2026-08-10T01:48:47+08:00 END ext_f3f2822a rc=0 avail=28.7G
2026-08-10T01:48:52+08:00 RUN dsl ext_c2ef363a avail=28.7
2026-08-10T01:59:17+08:00 END ext_c2ef363a rc=0 avail=28.6G
2026-08-10T01:59:22+08:00 RUN dsl ext_105e806c avail=28.6
2026-08-10T02:09:56+08:00 END ext_105e806c rc=0 avail=28.7G
2026-08-10T02:10:01+08:00 SAFE_Q done n=3 avail=28.7G
