Traceback (most recent call last):
  File "<stdin>", line 12, in <module>
  File "/home/sunhaiwei/quant_projects/factor_engine/cleaned_operators/base.py", line 2231, in calculate
    return self._calculate_series(*processed_args, **processed_kwargs)
           ^^^^^^^^^^^^^^^^^^^^^^^^^^^^^^^^^^^^^^^^^^^^^^^^^^^^^^^^^^^
TypeError: AshareOnePriceLimitStreak._calculate_series() missing 1 required positional argument: 'open_p'
Command exited with non-zero status 1
	Command being timed: ".venv/bin/python -"
	User time (seconds): 6.83
	System time (seconds): 0.16
	Percent of CPU this job got: 337%
	Elapsed (wall clock) time (h:mm:ss or m:ss): 0:02.07
	Average shared text size (kbytes): 0
	Average unshared data size (kbytes): 0
	Average stack size (kbytes): 0
	Average total size (kbytes): 0
	Maximum resident set size (kbytes): 271756
	Average resident set size (kbytes): 0
	Major (requiring I/O) page faults: 0
	Minor (reclaiming a frame) page faults: 66470
	Voluntary context switches: 88
	Involuntary context switches: 769
	Swaps: 0
	File system inputs: 0
	File system outputs: 8
	Socket messages sent: 0
	Socket messages received: 0
	Signals delivered: 0
	Page size (bytes): 4096
	Exit status: 1
