{"operator": "rank", "rows": 90565, "class": "RankPolars", "module": "factor_engine.cleaned_operators.common.cross_sectional", "kernel_kind": "polars_native_expr", "has_phys_spec_attr": false, "probe": {"to_pandas_calls": 0, "seconds": 0.016274317866191268, "n_frames": 1, "ok": true, "finite_frac": 1.0, "out_cols": 8}}
{"operator": "cs_pct_rank", "rows": 17401, "class": "CsPctRankPolars", "module": "factor_engine.cleaned_operators.common.cross_sectional", "kernel_kind": "polars_native_expr", "has_phys_spec_attr": false, "probe": {"to_pandas_calls": 0, "seconds": 0.012286289129406214, "n_frames": 1, "ok": true, "finite_frac": 1.0, "out_cols": 8}}
{"operator": "gt", "rows": 14929, "class": "GTPolarsAuto", "module": "factor_engine.cleaned_operators.common.polars_auto", "kernel_kind": "polars_native_expr", "has_phys_spec_attr": false, "probe": {"to_pandas_calls": 0, "seconds": 0.0004637960810214281, "n_frames": 2, "ok": true, "finite_frac": 1.0, "out_cols": 8}}
{"operator": "ts_sum", "rows": 12429, "class": "TSSumPolars", "module": "factor_engine.cleaned_operators.common.time_series", "kernel_kind": "polars_native_expr", "has_phys_spec_attr": false, "probe": {"to_pandas_calls": 0, "seconds": 0.000610241899266839, "n_frames": 1, "ok": true, "finite_frac": 1.0, "out_cols": 8}}
{"operator": "price_impact", "rows": 9888, "class": "PolarsLiquidityV2_price_impact", "module": "factor_engine.cleaned_operators.price_volume.polars_liquidity_v2", "kernel_kind": "unknown", "probe": {"ok": false, "error": "TypeError: int() argument must be a string, a bytes-like object or a real number, not '_MissingDefaultType'"}}
{"operator": "ts_zscore", "rows": 9110, "class": "TSZScorePolars", "module": "factor_engine.cleaned_operators.common.time_series", "kernel_kind": "polars_native_expr", "has_phys_spec_attr": false, "probe": {"to_pandas_calls": 0, "seconds": 0.004097835859283805, "n_frames": 1, "ok": true, "finite_frac": 0.9972, "out_cols": 8}}
{"operator": "and_", "rows": 6762, "class": "AndPolarsAuto", "module": "factor_engine.cleaned_operators.common.polars_auto", "kernel_kind": "polars_native_expr", "has_phys_spec_attr": false, "probe": {"to_pandas_calls": 0, "seconds": 0.0011136068496853113, "n_frames": 2, "ok": true, "finite_frac": 1.0, "out_cols": 8}}
{"operator": "tanh", "rows": 6460, "class": "TanhPolars", "module": "factor_engine.cleaned_operators.common.polars_extended", "kernel_kind": "polars_native_expr", "has_phys_spec_attr": false, "probe": {"to_pandas_calls": 0, "seconds": 0.00019378378055989742, "n_frames": 1, "ok": true, "finite_frac": 1.0, "out_cols": 8}}
{"operator": "efficiency_ratio", "rows": 6070, "class": "PolarsTechMisc_efficiency_ratio", "module": "factor_engine.cleaned_operators.technical.polars_tech_misc", "kernel_kind": "unknown", "probe": {"ok": false, "error": "TypeError: int() argument must be a string, a bytes-like object or a real number, not '_MissingDefaultType'"}}
{"operator": "lt", "rows": 5270, "class": "LTPolarsAuto", "module": "factor_engine.cleaned_operators.common.polars_auto", "kernel_kind": "polars_native_expr", "has_phys_spec_attr": false, "probe": {"to_pandas_calls": 0, "seconds": 0.0003706589341163635, "n_frames": 2, "ok": true, "finite_frac": 1.0, "out_cols": 8}}
{"operator": "turnover_zscore", "rows": 4347, "class": "PolarsLiquidityV2_turnover_zscore", "module": "factor_engine.cleaned_operators.price_volume.polars_liquidity_v2", "kernel_kind": "unknown", "probe": {"ok": false, "error": "TypeError: int() argument must be a string, a bytes-like object or a real number, not '_MissingDefaultType'"}}
{"operator": "fin_quarter_from_cumulative", "rows": 3743, "class": "PolarsFundamental_fin_quarter_from_cumulative", "module": "factor_engine.cleaned_operators.fundamental.polars_fundamental", "kernel_kind": "unknown", "probe": {"to_pandas_calls": 0, "seconds": 0.041223744163289666, "n_frames": 3, "ok": true, "finite_frac": 0.0, "out_cols": 8}}
{"operator": "ts_delta", "rows": 3465, "class": "TSDeltaPolars", "module": "factor_engine.cleaned_operators.common.time_series", "kernel_kind": "polars_native_expr", "has_phys_spec_attr": false, "probe": {"to_pandas_calls": 0, "seconds": 0.00045134685933589935, "n_frames": 1, "ok": true, "finite_frac": 0.9972, "out_cols": 8}}
{"operator": "relative_volume", "rows": 2893, "class": "PolarsLiquidityV2_relative_volume", "module": "factor_engine.cleaned_operators.price_volume.polars_liquidity_v2", "kernel_kind": "unknown", "probe": {"ok": false, "error": "TypeError: int() argument must be a string, a bytes-like object or a real number, not '_MissingDefaultType'"}}
{"operator": "ts_spectral_entropy", "rows": 2812, "class": "_PolarsOp", "module": "factor_engine.cleaned_operators.spectral_ext", "kernel_kind": "pandas_delegate", "has_phys_spec_attr": false, "probe": {"ok": false, "error": "TypeError: int() argument must be a string, a bytes-like object or a real number, not '_MissingDefaultType'"}}
{"operator": "log_positive_or_nan", "rows": 2779, "class": "PolarsFunctionOperator", "module": "factor_engine.cleaned_operators.overhaul.base", "kernel_kind": "unknown", "has_phys_spec_attr": false, "probe": {"ok": false, "error": "AttributeError: 'PolarsFunctionOperator' object has no attribute '_calculate_series'"}}
{"operator": "intra_realized_skewness", "rows": 2567, "class": "IntradayPolars_intra_realized_skewness", "module": "factor_engine.cleaned_operators.intraday.polars_next_stage", "kernel_kind": "unknown", "probe": {"to_pandas_calls": 0, "seconds": 0.004629780072718859, "n_frames": 1, "ok": true, "finite_frac": 0.0, "out_cols": 8}}
{"operator": "ts_sharpe", "rows": 2283, "class": "TSSharpeNative", "module": "factor_engine.cleaned_operators.common.polars_daily_native", "kernel_kind": "polars_native_expr", "has_phys_spec_attr": false, "probe": {"to_pandas_calls": 0, "seconds": 0.0013873090501874685, "n_frames": 1, "ok": true, "finite_frac": 0.9472, "out_cols": 8}}
{"operator": "ts_delay", "rows": 2164, "class": "TSDelayPolars", "module": "factor_engine.cleaned_operators.common.time_series", "kernel_kind": "polars_native_expr", "has_phys_spec_attr": false, "probe": {"to_pandas_calls": 0, "seconds": 0.0003689390141516924, "n_frames": 1, "ok": true, "finite_frac": 0.9972, "out_cols": 8}}
{"operator": "cs_mad_zscore", "rows": 2059, "class": "CSMadZscoreNative", "module": "factor_engine.cleaned_operators.common.polars_daily_native", "kernel_kind": "polars_native_expr", "has_phys_spec_attr": false, "probe": {"to_pandas_calls": 0, "seconds": 0.0023544689174741507, "n_frames": 1, "ok": true, "finite_frac": 1.0, "out_cols": 8}}
{"operator": "amihud_illiquidity", "rows": 1903, "class": "PolarsLiquidityV2_amihud_illiquidity", "module": "factor_engine.cleaned_operators.price_volume.polars_liquidity_v2", "kernel_kind": "unknown", "probe": {"ok": false, "error": "TypeError: int() argument must be a string, a bytes-like object or a real number, not '_MissingDefaultType'"}}
{"operator": "intra_realized_variance", "rows": 1871, "class": "IntradayPolarsFull_intra_realized_variance", "module": "factor_engine.cleaned_operators.intraday.polars_intraday_full", "kernel_kind": "unknown", "probe": {"to_pandas_calls": 0, "seconds": 0.006597980856895447, "n_frames": 1, "ok": true, "finite_frac": 1.0, "out_cols": 8}}
{"operator": "fiscal_pct_change", "rows": 1808, "class": "_fiscal_pct_change_polars", "module": "abc", "kernel_kind": "unknown", "probe": {"to_pandas_calls": 2, "seconds": 0.17816709796898067, "n_frames": 2, "ok": true, "finite_frac": 0.0, "out_cols": 8}}
{"operator": "cs_mean", "rows": 1800, "class": "CrossSectionalMeanPolars", "module": "factor_engine.cleaned_operators.common.cross_sectional", "kernel_kind": "polars_native_expr", "has_phys_spec_attr": false, "probe": {"to_pandas_calls": 0, "seconds": 0.0010832170955836773, "n_frames": 1, "ok": true, "finite_frac": 1.0, "out_cols": 8}}
{"operator": "ts_max", "rows": 1766, "class": "TSMaxPolars", "module": "factor_engine.cleaned_operators.common.time_series", "kernel_kind": "polars_native_expr", "has_phys_spec_attr": false, "probe": {"to_pandas_calls": 0, "seconds": 0.000612202100455761, "n_frames": 1, "ok": true, "finite_frac": 1.0, "out_cols": 8}}
{"operator": "ts_pct", "rows": 1738, "class": "TSPctPolars", "module": "factor_engine.cleaned_operators.common.polars_ops", "kernel_kind": "polars_native_expr", "has_phys_spec_attr": false, "probe": {"to_pandas_calls": 0, "seconds": 0.0006714300252497196, "n_frames": 1, "ok": true, "finite_frac": 0.9972, "out_cols": 8}}
{"operator": "zscore", "rows": 1517, "class": "ZscorePolars", "module": "factor_engine.cleaned_operators.common.cross_sectional", "kernel_kind": "pandas_delegate", "has_phys_spec_attr": false, "probe": {"to_pandas_calls": 1, "seconds": 0.0023838479537516832, "n_frames": 1, "ok": true, "finite_frac": 1.0, "out_cols": 8}}
{"operator": "signed_sqrt", "rows": 1427, "class": "SignedSqrtNative", "module": "factor_engine.cleaned_operators.common.polars_daily_native", "kernel_kind": "polars_native_expr", "has_phys_spec_attr": false, "probe": {"to_pandas_calls": 0, "seconds": 0.0002813320606946945, "n_frames": 1, "ok": true, "finite_frac": 1.0, "out_cols": 8}}
{"operator": "sigmoid", "rows": 1400, "class": "SigmoidPolarsAuto", "module": "factor_engine.cleaned_operators.common.polars_auto", "kernel_kind": "polars_native_expr", "has_phys_spec_attr": false, "probe": {"to_pandas_calls": 0, "seconds": 0.0003633189480751753, "n_frames": 1, "ok": true, "finite_frac": 1.0, "out_cols": 8}}
{"operator": "ts_min", "rows": 1381, "class": "TSMinPolars", "module": "factor_engine.cleaned_operators.common.time_series", "kernel_kind": "polars_native_expr", "has_phys_spec_attr": false, "probe": {"to_pandas_calls": 0, "seconds": 0.0005948818288743496, "n_frames": 1, "ok": true, "finite_frac": 1.0, "out_cols": 8}}
{"operator": "intra_realized_kurtosis", "rows": 1308, "class": "IntradayPolars_intra_realized_kurtosis", "module": "factor_engine.cleaned_operators.intraday.polars_next_stage", "kernel_kind": "unknown", "probe": {"to_pandas_calls": 0, "seconds": 0.004085396882146597, "n_frames": 1, "ok": true, "finite_frac": 0.0, "out_cols": 8}}
{"operator": "ashare_limit_up_touch", "rows": 1231, "class": "PolarsLimitMisc_ashare_limit_up_touch", "module": "factor_engine.cleaned_operators.common.polars_limit_misc", "kernel_kind": "unknown", "probe": {"ok": false, "error": "TypeError: float() argument must be a string or a real number, not 'DataFrame'"}}
{"operator": "NATR", "rows": 1224, "class": "PolarsIndicatorsV2_NATR", "module": "factor_engine.cleaned_operators.technical.polars_indicators_v2", "kernel_kind": "unknown", "probe": {"ok": false, "error": "TypeError: int() argument must be a string, a bytes-like object or a real number, not '_MissingDefaultType'"}}
{"operator": "PVO", "rows": 1223, "class": "PolarsIndicatorsV2_PVO", "module": "factor_engine.cleaned_operators.technical.polars_indicators_v2", "kernel_kind": "unknown", "probe": {"ok": false, "error": "TypeError: int() argument must be a string, a bytes-like object or a real number, not '_MissingDefaultType'"}}
{"operator": "log_abs", "rows": 1206, "class": "LogAbsPolarsAuto", "module": "factor_engine.cleaned_operators.common.polars_auto", "kernel_kind": "polars_native_expr", "has_phys_spec_attr": false, "probe": {"to_pandas_calls": 0, "seconds": 0.0005603029858320951, "n_frames": 1, "ok": true, "finite_frac": 1.0, "out_cols": 8}}
{"operator": "CMF", "rows": 1102, "class": "PolarsIndicatorsV2_CMF", "module": "factor_engine.cleaned_operators.technical.polars_indicators_v2", "kernel_kind": "unknown", "probe": {"ok": false, "error": "TypeError: int() argument must be a string, a bytes-like object or a real number, not '_MissingDefaultType'"}}
{"operator": "true_turnover_rate", "rows": 1015, "class": "PolarsLiquidityV2_true_turnover_rate", "module": "factor_engine.cleaned_operators.price_volume.polars_liquidity_v2", "kernel_kind": "unknown", "probe": {"to_pandas_calls": 0, "seconds": 0.0013192810583859682, "n_frames": 2, "ok": true, "finite_frac": 1.0, "out_cols": 8}}
{"operator": "or_", "rows": 1013, "class": "OrPolarsAuto", "module": "factor_engine.cleaned_operators.common.polars_auto", "kernel_kind": "polars_native_expr", "has_phys_spec_attr": false, "probe": {"to_pandas_calls": 0, "seconds": 0.0010515479370951653, "n_frames": 2, "ok": true, "finite_frac": 1.0, "out_cols": 8}}
{"operator": "ne", "rows": 957, "class": "NEPolarsAuto", "module": "factor_engine.cleaned_operators.common.polars_auto", "kernel_kind": "polars_native_expr", "has_phys_spec_attr": false, "probe": {"to_pandas_calls": 0, "seconds": 0.00033173011615872383, "n_frames": 2, "ok": true, "finite_frac": 1.0, "out_cols": 8}}
{"operator": "intra_jump_ratio", "rows": 909, "class": "IntradayPolarsFull_intra_jump_ratio", "module": "factor_engine.cleaned_operators.intraday.polars_intraday_full", "kernel_kind": "unknown", "probe": {"to_pandas_calls": 0, "seconds": 0.008282219991087914, "n_frames": 1, "ok": true, "finite_frac": 0.0, "out_cols": 8}}
{"operator": "ts_decay_linear", "rows": 888, "class": "TSDecayLinearPolars", "module": "factor_engine.cleaned_operators.common.time_series", "kernel_kind": "polars_expr_plus_numpy", "has_phys_spec_attr": false, "probe": {"to_pandas_calls": 0, "seconds": 0.05595397995784879, "n_frames": 1, "ok": true, "finite_frac": 1.0, "out_cols": 8}}
{"operator": "roll_spread_proxy", "rows": 868, "class": "PolarsLiquidityV2_roll_spread_proxy", "module": "factor_engine.cleaned_operators.price_volume.polars_liquidity_v2", "kernel_kind": "unknown", "probe": {"ok": false, "error": "TypeError: int() argument must be a string, a bytes-like object or a real number, not '_MissingDefaultType'"}}
{"operator": "ts_markov_persistence", "rows": 848, "class": "PolarsDynamics_ts_markov_persistence", "module": "factor_engine.cleaned_operators.polars_dynamics", "kernel_kind": "unknown", "probe": {"ok": false, "error": "TypeError: int() argument must be a string, a bytes-like object or a real number, not '_MissingDefaultType'"}}
{"operator": "ts_skew", "rows": 847, "class": "TSSkewnessPolars", "module": "factor_engine.cleaned_operators.common.time_series", "kernel_kind": "polars_native_expr", "has_phys_spec_attr": false, "probe": {"to_pandas_calls": 0, "seconds": 0.0012015239335596561, "n_frames": 1, "ok": true, "finite_frac": 0.9944, "out_cols": 8}}
{"operator": "candle_close_location", "rows": 820, "class": "PolarsCandle_candle_close_location", "module": "factor_engine.cleaned_operators.price_volume.polars_candle", "kernel_kind": "unknown", "probe": {"to_pandas_calls": 0, "seconds": 0.0029812799766659737, "n_frames": 3, "ok": true, "finite_frac": 0.9993, "out_cols": 8}}

=== SELECTABLE (no marshal, kernel not delegate) ===
  rank                                   rows= 90565 polars_native_expr         finite=1.0  cross_sectional.RankPolars
  cs_pct_rank                            rows= 17401 polars_native_expr         finite=1.0  cross_sectional.CsPctRankPolars
  gt                                     rows= 14929 polars_native_expr         finite=1.0  polars_auto.GTPolarsAuto
  ts_sum                                 rows= 12429 polars_native_expr         finite=1.0  time_series.TSSumPolars
  ts_zscore                              rows=  9110 polars_native_expr         finite=0.9972  time_series.TSZScorePolars
  and_                                   rows=  6762 polars_native_expr         finite=1.0  polars_auto.AndPolarsAuto
  tanh                                   rows=  6460 polars_native_expr         finite=1.0  polars_extended.TanhPolars
  lt                                     rows=  5270 polars_native_expr         finite=1.0  polars_auto.LTPolarsAuto
  fin_quarter_from_cumulative            rows=  3743 unknown                    finite=0.0  polars_fundamental.PolarsFundamental_fin_quarter_from_cumulative
  ts_delta                               rows=  3465 polars_native_expr         finite=0.9972  time_series.TSDeltaPolars
  intra_realized_skewness                rows=  2567 unknown                    finite=0.0  polars_next_stage.IntradayPolars_intra_realized_skewness
  ts_sharpe                              rows=  2283 polars_native_expr         finite=0.9472  polars_daily_native.TSSharpeNative
  ts_delay                               rows=  2164 polars_native_expr         finite=0.9972  time_series.TSDelayPolars
  cs_mad_zscore                          rows=  2059 polars_native_expr         finite=1.0  polars_daily_native.CSMadZscoreNative
  intra_realized_variance                rows=  1871 unknown                    finite=1.0  polars_intraday_full.IntradayPolarsFull_intra_realized_variance
  cs_mean                                rows=  1800 polars_native_expr         finite=1.0  cross_sectional.CrossSectionalMeanPolars
  ts_max                                 rows=  1766 polars_native_expr         finite=1.0  time_series.TSMaxPolars
  ts_pct                                 rows=  1738 polars_native_expr         finite=0.9972  polars_ops.TSPctPolars
  signed_sqrt                            rows=  1427 polars_native_expr         finite=1.0  polars_daily_native.SignedSqrtNative
  sigmoid                                rows=  1400 polars_native_expr         finite=1.0  polars_auto.SigmoidPolarsAuto
  ts_min                                 rows=  1381 polars_native_expr         finite=1.0  time_series.TSMinPolars
  intra_realized_kurtosis                rows=  1308 unknown                    finite=0.0  polars_next_stage.IntradayPolars_intra_realized_kurtosis
  log_abs                                rows=  1206 polars_native_expr         finite=1.0  polars_auto.LogAbsPolarsAuto
  true_turnover_rate                     rows=  1015 unknown                    finite=1.0  polars_liquidity_v2.PolarsLiquidityV2_true_turnover_rate
  or_                                    rows=  1013 polars_native_expr         finite=1.0  polars_auto.OrPolarsAuto
  ne                                     rows=   957 polars_native_expr         finite=1.0  polars_auto.NEPolarsAuto
  intra_jump_ratio                       rows=   909 unknown                    finite=0.0  polars_intraday_full.IntradayPolarsFull_intra_jump_ratio
  ts_decay_linear                        rows=   888 polars_expr_plus_numpy     finite=1.0  time_series.TSDecayLinearPolars
  ts_skew                                rows=   847 polars_native_expr         finite=0.9944  time_series.TSSkewnessPolars
  candle_close_location                  rows=   820 unknown                    finite=0.9993  polars_candle.PolarsCandle_candle_close_location
