FFFFFF                                                                   [100%]
=================================== FAILURES ===================================
____ test_share_hhi_is_scale_safe_and_invalid_counts_remain_unknown[pandas] ____
factor_engine/tests/runtime/test_r53_pledge_share_domain.py:33: in test_share_hhi_is_scale_safe_and_invalid_counts_remain_unknown
    np.testing.assert_allclose(out[:3], [.625,.5,.5], rtol=1e-12)
E   AssertionError: 
E   Not equal to tolerance rtol=1e-12, atol=0
E   
E   Mismatched elements: 1 / 3 (33.3%)
E   Max absolute difference among violations: 0.5
E   Max relative difference among violations: 1.
E    ACTUAL: array([0.625, 0.   , 0.5  ])
E    DESIRED: array([0.625, 0.5  , 0.5  ])
____ test_share_hhi_is_scale_safe_and_invalid_counts_remain_unknown[polars] ____
factor_engine/tests/runtime/test_r53_pledge_share_domain.py:30: in test_share_hhi_is_scale_safe_and_invalid_counts_remain_unknown
    result = native._hhi(*_polars(panels))
             ^^^^^^^^^^^^^^^^^^^^^^^^^^^^^
factor_engine/cleaned_operators/shareholder/polars_churn_network.py:109: in _hhi
    filled = [f[c].fill_null(0.0) for f in arrays]
              ^^^^^^^^^^^^^^^^^^^
.venv/lib/python3.12/site-packages/polars/series/utils.py:104: in wrapper
    return s.to_frame().select_seq(f(*args, **kwargs)).to_series()
           ^^^^^^^^^^^^^^^^^^^^^^^^^^^^^^^^^^^^^^^^^^^
.venv/lib/python3.12/site-packages/polars/dataframe/frame.py:10515: in select_seq
    .collect(optimizations=QueryOptFlags._eager())
     ^^^^^^^^^^^^^^^^^^^^^^^^^^^^^^^^^^^^^^^^^^^^^
.venv/lib/python3.12/site-packages/polars/_utils/deprecation.py:97: in wrapper
    return function(*args, **kwargs)
           ^^^^^^^^^^^^^^^^^^^^^^^^^
.venv/lib/python3.12/site-packages/polars/lazyframe/opt_flags.py:344: in wrapper
    return function(*args, **kwargs)
           ^^^^^^^^^^^^^^^^^^^^^^^^^
.venv/lib/python3.12/site-packages/polars/lazyframe/frame.py:2630: in collect
    return wrap_df(ldf.collect(engine, callback))
                   ^^^^^^^^^^^^^^^^^^^^^^^^^^^^^
E   polars.exceptions.InvalidOperationError: got invalid or ambiguous dtypes: '[datetime[ns], dyn float]' in expression 'fill_null'
E   
E   Consider explicitly casting your input types to resolve potential ambiguity.
_______ test_pledged_count_rejects_negative_and_infinite_counts[pandas] ________
factor_engine/tests/runtime/test_r53_pledge_share_domain.py:43: in test_pledged_count_rejects_negative_and_infinite_counts
    assert np.isnan(out[3:7]).all()
E   AssertionError: assert np.False_
E    +  where np.False_ = <built-in method all of numpy.ndarray object at 0x721a94fb1dd0>()
E    +    where <built-in method all of numpy.ndarray object at 0x721a94fb1dd0> = array([False, False, False,  True]).all
E    +      where array([False, False, False,  True]) = <ufunc 'isnan'>(array([ 1.,  2.,  1., nan]))
E    +        where <ufunc 'isnan'> = np.isnan
_______ test_pledged_count_rejects_negative_and_infinite_counts[polars] ________
factor_engine/tests/runtime/test_r53_pledge_share_domain.py:41: in test_pledged_count_rejects_negative_and_infinite_counts
    if backend == "pandas" else native._pledged_count(*_polars(panels))["A"].to_numpy())
                                ^^^^^^^^^^^^^^^^^^^^^^^^^^^^^^^^^^^^^^^
factor_engine/cleaned_operators/shareholder/polars_churn_network.py:134: in _pledged_count
    cnt = sum((f[c].fill_null(0.0) > 0).cast(pl.Float64) for f in arrays)
          ^^^^^^^^^^^^^^^^^^^^^^^^^^^^^^^^^^^^^^^^^^^^^^^^^^^^^^^^^^^^^^^
factor_engine/cleaned_operators/shareholder/polars_churn_network.py:134: in <genexpr>
    cnt = sum((f[c].fill_null(0.0) > 0).cast(pl.Float64) for f in arrays)
               ^^^^^^^^^^^^^^^^^^^
.venv/lib/python3.12/site-packages/polars/series/utils.py:104: in wrapper
    return s.to_frame().select_seq(f(*args, **kwargs)).to_series()
           ^^^^^^^^^^^^^^^^^^^^^^^^^^^^^^^^^^^^^^^^^^^
.venv/lib/python3.12/site-packages/polars/dataframe/frame.py:10515: in select_seq
    .collect(optimizations=QueryOptFlags._eager())
     ^^^^^^^^^^^^^^^^^^^^^^^^^^^^^^^^^^^^^^^^^^^^^
.venv/lib/python3.12/site-packages/polars/_utils/deprecation.py:97: in wrapper
    return function(*args, **kwargs)
           ^^^^^^^^^^^^^^^^^^^^^^^^^
.venv/lib/python3.12/site-packages/polars/lazyframe/opt_flags.py:344: in wrapper
    return function(*args, **kwargs)
           ^^^^^^^^^^^^^^^^^^^^^^^^^
.venv/lib/python3.12/site-packages/polars/lazyframe/frame.py:2630: in collect
    return wrap_df(ldf.collect(engine, callback))
                   ^^^^^^^^^^^^^^^^^^^^^^^^^^^^^
E   polars.exceptions.InvalidOperationError: got invalid or ambiguous dtypes: '[datetime[ns], dyn float]' in expression 'fill_null'
E   
E   Consider explicitly casting your input types to resolve potential ambiguity.
______ test_pledge_churn_never_replaces_infinity_with_a_large_share_count ______
factor_engine/tests/runtime/test_r53_pledge_share_domain.py:54: in test_pledge_churn_never_replaces_infinity_with_a_large_share_count
    assert np.isnan(result[1])  # finite inputs whose mathematical sum exceeds float64
    ^^^^^^^^^^^^^^^^^^^^^^^^^^
E   AssertionError: assert np.False_
E    +  where np.False_ = <ufunc 'isnan'>(np.float64(inf))
E    +    where <ufunc 'isnan'> = np.isnan
_______________ test_ranked_native_rejects_mismatched_time_axis ________________
factor_engine/tests/runtime/test_r53_pledge_share_domain.py:64: in test_ranked_native_rejects_mismatched_time_axis
    native._hhi(*panels)
factor_engine/cleaned_operators/shareholder/polars_churn_network.py:109: in _hhi
    filled = [f[c].fill_null(0.0) for f in arrays]
              ^^^^^^^^^^^^^^^^^^^
.venv/lib/python3.12/site-packages/polars/series/utils.py:104: in wrapper
    return s.to_frame().select_seq(f(*args, **kwargs)).to_series()
           ^^^^^^^^^^^^^^^^^^^^^^^^^^^^^^^^^^^^^^^^^^^
.venv/lib/python3.12/site-packages/polars/dataframe/frame.py:10515: in select_seq
    .collect(optimizations=QueryOptFlags._eager())
     ^^^^^^^^^^^^^^^^^^^^^^^^^^^^^^^^^^^^^^^^^^^^^
.venv/lib/python3.12/site-packages/polars/_utils/deprecation.py:97: in wrapper
    return function(*args, **kwargs)
           ^^^^^^^^^^^^^^^^^^^^^^^^^
.venv/lib/python3.12/site-packages/polars/lazyframe/opt_flags.py:344: in wrapper
    return function(*args, **kwargs)
           ^^^^^^^^^^^^^^^^^^^^^^^^^
.venv/lib/python3.12/site-packages/polars/lazyframe/frame.py:2630: in collect
    return wrap_df(ldf.collect(engine, callback))
                   ^^^^^^^^^^^^^^^^^^^^^^^^^^^^^
E   polars.exceptions.InvalidOperationError: got invalid or ambiguous dtypes: '[datetime[ns], dyn float]' in expression 'fill_null'
E   
E   Consider explicitly casting your input types to resolve potential ambiguity.
=============================== warnings summary ===============================
factor_engine/tests/runtime/test_r53_pledge_share_domain.py::test_share_hhi_is_scale_safe_and_invalid_counts_remain_unknown[pandas]
  /home/sunhaiwei/quant_projects/.venv/lib/python3.12/site-packages/numpy/_core/_methods.py:52: RuntimeWarning: overflow encountered in reduce
    return umr_sum(a, axis, dtype, out, keepdims, initial, where)

factor_engine/tests/runtime/test_r53_pledge_share_domain.py::test_share_hhi_is_scale_safe_and_invalid_counts_remain_unknown[pandas]
  /home/sunhaiwei/quant_projects/factor_engine/cleaned_operators/shareholder/churn_network.py:482: RuntimeWarning: overflow encountered in multiply
    hhi = np.sum(shares * shares, axis=0)

factor_engine/tests/runtime/test_r53_pledge_share_domain.py::test_pledge_churn_never_replaces_infinity_with_a_large_share_count
  /home/sunhaiwei/quant_projects/.venv/lib/python3.12/site-packages/numpy/_core/fromnumeric.py:86: RuntimeWarning: overflow encountered in reduce
    return ufunc.reduce(obj, axis, dtype, out, **passkwargs)

-- Docs: https://docs.pytest.org/en/stable/how-to/capture-warnings.html
=========================== short test summary info ============================
FAILED factor_engine/tests/runtime/test_r53_pledge_share_domain.py::test_share_hhi_is_scale_safe_and_invalid_counts_remain_unknown[pandas]
FAILED factor_engine/tests/runtime/test_r53_pledge_share_domain.py::test_share_hhi_is_scale_safe_and_invalid_counts_remain_unknown[polars]
FAILED factor_engine/tests/runtime/test_r53_pledge_share_domain.py::test_pledged_count_rejects_negative_and_infinite_counts[pandas]
FAILED factor_engine/tests/runtime/test_r53_pledge_share_domain.py::test_pledged_count_rejects_negative_and_infinite_counts[polars]
FAILED factor_engine/tests/runtime/test_r53_pledge_share_domain.py::test_pledge_churn_never_replaces_infinity_with_a_large_share_count
FAILED factor_engine/tests/runtime/test_r53_pledge_share_domain.py::test_ranked_native_rejects_mismatched_time_axis
6 failed, 3 warnings in 0.68s
